// Jest Snapshot v1, https://goo.gl/fbAQLP

exports[`should be able to resolve ({"outDir": "out", "rootDir": "src"}) 1`] = `
Array [
  "directories/out/lib/file.lua",
  "directories/out/lualib_bundle.lua",
  "directories/out/main.lua",
]
`;

exports[`should be able to resolve ({"outDir": "out"}) 1`] = `
Array [
  "directories/out/lib/file.lua",
  "directories/out/lualib_bundle.lua",
  "directories/out/main.lua",
]
`;

exports[`should be able to resolve ({"rootDir": "src"}) 1`] = `
Array [
  "directories/src/lib/file.lua",
  "directories/src/lualib_bundle.lua",
  "directories/src/main.lua",
]
`;

exports[`should be able to resolve ({}) 1`] = `
Array [
  "directories/src/lib/file.lua",
  "directories/src/lualib_bundle.lua",
  "directories/src/main.lua",
]
`;
