// Jest Snapshot v1, https://goo.gl/fbAQLP

exports[`should transpile 1`] = `
Array [
  Object {
    "filePath": "otherFile.lua",
    "lua": "local ____exports = {}
function ____exports.getNumber(self)
    return getAPIValue()
end
return ____exports
",
  },
  Object {
    "filePath": "index.lua",
    "lua": "local ____exports = {}
local ____otherFile = require(\\"otherFile\\")
local getNumber = ____otherFile.getNumber
local myNumber = getNumber(nil)
setAPIValue(myNumber * 5)
return ____exports
",
  },
]
`;
