// Jest Snapshot v1, https://goo.gl/fbAQLP

exports[`DontAllowInstantiation: code 1`] = `
"require(\\"lualib_bundle\\");
local __meta___LOADED = debug.getregistry()._LOADED
e = __TS__New(Ext)"
`;

exports[`DontAllowInstantiation: diagnostics 1`] = `"main.ts(5,19): error TSTL: Cannot construct classes with '@extension' or '@metaExtension' annotation."`;

exports[`IncorrectUsage: code 1`] = `
"function LoadedExt.test(self)
    return 5
end"
`;

exports[`IncorrectUsage: diagnostics 1`] = `"main.ts(3,9): error TSTL: '@metaExtension' annotation requires the extension of the metatable class."`;
