// Jest Snapshot v1, https://goo.gl/fbAQLP

exports[`switch not allowed in 5.1: code 1`] = `
"local ____exports = {}
function ____exports.__main(self)
    local ____switch3 = \\"abc\\"
    goto ____switch3_end
    ::____switch3_end::
end
return ____exports"
`;

exports[`switch not allowed in 5.1: diagnostics 1`] = `"main.ts(2,9): error TSTL: Switch statements is/are not supported for target Lua 5.1."`;
