// Jest Snapshot v1, https://goo.gl/fbAQLP

exports[`jsx complex 1`] = `
"require(\\"lualib_bundle\\");
local ____exports = {}
local ____react = require(\\"react\\")
local React = ____react.default
function ____exports.__main(self)
    local x = 3
    local props = {one = \\"two\\", three = 4}
    return React.createElement(
        \\"div\\",
        {a = \\"b\\"},
        React.createElement(\\"a\\", {c = \\"d\\", r = x}),
        React.createElement(
            \\"b\\",
            __TS__ObjectAssign({[\\"baz-bar\\"] = true}, props),
            \\" the \\",
            x,
            \\"marks the spot \\"
        ),
        \\"a\\",
        \\"and\\",
        React.createElement(
            React.Fragment,
            nil,
            \\" \\",
            React.createElement(\\"a\\", nil, \\"2\\")
        ),
        React.createElement(\\"b\\")
    )
end
return ____exports"
`;
