// Jest Snapshot v1, https://goo.gl/fbAQLP

exports[`import local identifier generation (".dot"): local identifier 1`] = `"_____2Edot"`;

exports[`import local identifier generation ("_̀ः٠‿"): local identifier 1`] = `"______300_903_660_203F"`;

exports[`import local identifier generation ("dollar$"): local identifier 1`] = `"____dollar_24"`;

exports[`import local identifier generation ("hash#"): local identifier 1`] = `"____hash_23"`;

exports[`import local identifier generation ("ke-bab"): local identifier 1`] = `"____ke_2Dbab"`;

exports[`import local identifier generation ("s p a c e"): local identifier 1`] = `"____s_20p_20a_20c_20e"`;

exports[`import local identifier generation ("singlequote'"): local identifier 1`] = `"____singlequote_27"`;

exports[`import local identifier generation ("ɥɣɎɌͼƛಠ"): local identifier 1`] = `"_____265_263_24E_24C_37C_19B_CA0"`;
