// Jest Snapshot v1, https://goo.gl/fbAQLP

exports[`switch uses elseif 1`] = `
"local ____exports = {}
function ____exports.__main(self)
    local result = -1
    local ____switch3 = 2
    if ____switch3 == 0 then
        do
            do
                result = 200
            end
        end
    elseif ____switch3 == 1 then
        do
            do
                result = 100
            end
        end
    elseif ____switch3 == 2 then
        do
            do
                result = 1
            end
        end
    end
    return result
end
return ____exports"
`;
